baseline failures: ('tests/test_harness.py::test_the_eol_manifest_matches_the_tree',)
qualify.py:116:60 compare[0] LtE->Lt: killed
qualify.py:116:60 compare[1] LtE->Lt: killed
qualify.py:179:7 compare[0] Lt->LtE: killed
qualify.py:185:24 boolop[0] Or->And: killed
qualify.py:185:58 boolop[0] Or->And: killed
qualify.py:187:15 compare[0] LtE->Lt: killed
qualify.py:187:49 compare[0] GtE->Gt: killed
qualify.py:211:11 boolop[0] Or->And: killed
qualify.py:321:7 compare[0] Is->IsNot: killed
qualify.py:350:7 compare[0] In->NotIn: killed
qualify.py:90:38 boolop[0] Or->And: killed
db.py:157:7 compare[0] Lt->LtE: killed
db.py:419:15 boolop[0] And->Or: killed
db.py:570:32 compare[0] GtE->Gt: killed
pivot.py:62:25 boolop[0] Or->And: killed
pivot.py:63:20 boolop[0] Or->And: killed
baseline failures: ('tests/test_harness.py::test_the_eol_manifest_matches_the_tree',)
pivot.py:77:8 boolop[0] Or->And: killed
ceiling.py:92:11 compare[0] Lt->LtE: killed
ceiling.py:92:34 compare[0] LtE->Lt: killed
extract.py:141:20 compare[0] Gt->GtE: killed
extract.py:222:63 compare[0] Eq->NotEq: killed
patterns.py:52:42 boolop[0] Or->And: killed
patterns.py:53:40 boolop[0] Or->And: killed
sweep.py:171:20 boolop[0] Or->And: killed
sweep.py:94:19 compare[0] Gt->GtE: killed
transcript.py:139:21 boolop[0] Or->And: killed
transcript.py:167:30 boolop[0] Or->And: killed
annotations.py:119:11 compare[0] Gt->GtE: killed
chains.py:162:15 boolop[0] Or->And: killed
coverage.py:258:15 boolop[0] Or->And: killed
indicators.py:232:11 boolop[0] Or->And: killed
rerate.py:107:17 compare[0] Lt->LtE: killed
